// Jest Snapshot v1, https://goo.gl/fbAQLP

exports[`LoadingButton component match the snapshot 1`] = `<body />`;
